[    1104ms] [LOG] os {isTablet: false, isPhone: false, isAndroid: false, isPc: true} @ https://www.landchina.com/:84
[    1685ms] [LOG] JSHandle@node @ https://www.landchina.com/js/chunk-vendors.6f217df8.js:0
[    1685ms] [LOG] Sat May 09 2026 02:20:59 GMT+0800 (中国标准时间) @ https://www.landchina.com/js/chunk-vendors.6f217df8.js:0
[    1685ms] [LOG] function(){} @ https://www.landchina.com/js/chunk-vendors.6f217df8.js:0
[    1685ms] [TABLE] [Object, Object, Object, Object, Object, Object, Object, Object, Object, Object, Object, Object, Object, Object, Object, Object, Object, Object, Object, Object, Object, Object, Object, Object, Object, Object, Object, Object, Object, Object, Object, Object, Object, Object, Object, Object, Object, Object, Object, Object, Object, Object, Object, Object, Object, Object, Object, Object, Object, Object] @ https://www.landchina.com/js/chunk-vendors.6f217df8.js:0
[    1702ms] [LOG] [Object, Object, Object, Object, Object, Object, Object, Object, Object, Object, Object, Object, Object, Object, Object, Object, Object, Object, Object, Object, Object, Object, Object, Object, Object, Object, Object, Object, Object, Object, Object, Object, Object, Object, Object, Object, Object, Object, Object, Object, Object, Object, Object, Object, Object, Object, Object, Object, Object, Object] @ https://www.landchina.com/js/chunk-vendors.6f217df8.js:0
[    2183ms] [LOG] JSHandle@node @ https://www.landchina.com/js/chunk-vendors.6f217df8.js:0
[    2184ms] [LOG] Sat May 09 2026 02:20:59 GMT+0800 (中国标准时间) @ https://www.landchina.com/js/chunk-vendors.6f217df8.js:0
[    2184ms] [LOG] function(){} @ https://www.landchina.com/js/chunk-vendors.6f217df8.js:0
[    2184ms] [TABLE] [Object, Object, Object, Object, Object, Object, Object, Object, Object, Object, Object, Object, Object, Object, Object, Object, Object, Object, Object, Object, Object, Object, Object, Object, Object, Object, Object, Object, Object, Object, Object, Object, Object, Object, Object, Object, Object, Object, Object, Object, Object, Object, Object, Object, Object, Object, Object, Object, Object, Object] @ https://www.landchina.com/js/chunk-vendors.6f217df8.js:0
[    2203ms] [LOG] [Object, Object, Object, Object, Object, Object, Object, Object, Object, Object, Object, Object, Object, Object, Object, Object, Object, Object, Object, Object, Object, Object, Object, Object, Object, Object, Object, Object, Object, Object, Object, Object, Object, Object, Object, Object, Object, Object, Object, Object, Object, Object, Object, Object, Object, Object, Object, Object, Object, Object] @ https://www.landchina.com/js/chunk-vendors.6f217df8.js:0
[    2680ms] [LOG] JSHandle@node @ https://www.landchina.com/js/chunk-vendors.6f217df8.js:0
[    2681ms] [LOG] Sat May 09 2026 02:20:59 GMT+0800 (中国标准时间) @ https://www.landchina.com/js/chunk-vendors.6f217df8.js:0
[    2681ms] [LOG] function(){} @ https://www.landchina.com/js/chunk-vendors.6f217df8.js:0
[    2681ms] [TABLE] [Object, Object, Object, Object, Object, Object, Object, Object, Object, Object, Object, Object, Object, Object, Object, Object, Object, Object, Object, Object, Object, Object, Object, Object, Object, Object, Object, Object, Object, Object, Object, Object, Object, Object, Object, Object, Object, Object, Object, Object, Object, Object, Object, Object, Object, Object, Object, Object, Object, Object] @ https://www.landchina.com/js/chunk-vendors.6f217df8.js:0
[    2699ms] [LOG] [Object, Object, Object, Object, Object, Object, Object, Object, Object, Object, Object, Object, Object, Object, Object, Object, Object, Object, Object, Object, Object, Object, Object, Object, Object, Object, Object, Object, Object, Object, Object, Object, Object, Object, Object, Object, Object, Object, Object, Object, Object, Object, Object, Object, Object, Object, Object, Object, Object, Object] @ https://www.landchina.com/js/chunk-vendors.6f217df8.js:0
[    3177ms] [LOG] JSHandle@node @ https://www.landchina.com/js/chunk-vendors.6f217df8.js:0
[    3177ms] [LOG] Sat May 09 2026 02:20:59 GMT+0800 (中国标准时间) @ https://www.landchina.com/js/chunk-vendors.6f217df8.js:0
[    3178ms] [LOG] function(){} @ https://www.landchina.com/js/chunk-vendors.6f217df8.js:0
[    3178ms] [TABLE] [Object, Object, Object, Object, Object, Object, Object, Object, Object, Object, Object, Object, Object, Object, Object, Object, Object, Object, Object, Object, Object, Object, Object, Object, Object, Object, Object, Object, Object, Object, Object, Object, Object, Object, Object, Object, Object, Object, Object, Object, Object, Object, Object, Object, Object, Object, Object, Object, Object, Object] @ https://www.landchina.com/js/chunk-vendors.6f217df8.js:0
[    3197ms] [LOG] [Object, Object, Object, Object, Object, Object, Object, Object, Object, Object, Object, Object, Object, Object, Object, Object, Object, Object, Object, Object, Object, Object, Object, Object, Object, Object, Object, Object, Object, Object, Object, Object, Object, Object, Object, Object, Object, Object, Object, Object, Object, Object, Object, Object, Object, Object, Object, Object, Object, Object] @ https://www.landchina.com/js/chunk-vendors.6f217df8.js:0
[    3197ms] [WARNING] You don't have permission to use DEVTOOL!【type = 6】 @ https://www.landchina.com/js/chunk-vendors.6f217df8.js:0
[    3197ms] [WARNING] Scripts may close only the windows that were opened by them. @ https://www.landchina.com/js/chunk-vendors.6f217df8.js:0
